// Vitest Snapshot v1, https://vitest.dev/guide/snapshot.html

exports[`Teampage > matches snapshot with correct props 1`] = `
<DocumentFragment>
  <main
    class="team-page"
  >
    <div
      class="team-wrapper"
    >
      <header>
        <h2>
          Team Chris
        </h2>
      </header>
      <section
        class="team-section"
      >
        <div
          class="pokemon-card-container"
        >
          <ul>
            <section
              class="pokemonCard"
            >
              <div
                class="pokemonName"
              >
                <h2
                  class="pokemonNameHeader"
                >
                  Bulbasaur
                </h2>
              </div>
              <div
                class="icon"
              >
                <img
                  alt=""
                  class="pokemonImage"
                  src="/src/assets/cradilypng.png"
                />
              </div>
              <div
                class="buttons"
              >
                <button
                  class="leftButton"
                >
                  prevNum
                </button>
                <button
                  class="rightButton"
                >
                  nextNum
                </button>
              </div>
              <button>
                <svg
                  color="yellow"
                  data-testid="favorite-icon"
                  fill="currentColor"
                  height="30"
                  stroke="currentColor"
                  stroke-width="0"
                  style="color: yellow;"
                  viewBox="0 0 576 512"
                  width="30"
                  xmlns="http://www.w3.org/2000/svg"
                >
                  <path
                    d="M259.3 17.8L194 150.2 47.9 171.5c-26.2 3.8-36.7 36.1-17.7 54.6l105.7 103-25 145.5c-4.5 26.3 23.2 46 46.4 33.7L288 439.6l130.7 68.7c23.2 12.2 50.9-7.4 46.4-33.7l-25-145.5 105.7-103c19-18.5 8.5-50.8-17.7-54.6L382 150.2 316.7 17.8c-11.7-23.6-45.6-23.9-57.4 0z"
                  />
                </svg>
              </button>
              <div
                class="pokemonNumber"
              >
                <h3>
                  1
                </h3>
              </div>
              <div
                class="types"
              >
                <div
                  class="leftType"
                />
                <div
                  class="rightType"
                />
              </div>
            </section>
          </ul>
        </div>
        <div
          class="pokemon-card-container"
        >
          <ul>
            <section
              class="pokemonCard"
            >
              <div
                class="pokemonName"
              >
                <h2
                  class="pokemonNameHeader"
                >
                  Charmander
                </h2>
              </div>
              <div
                class="icon"
              >
                <img
                  alt=""
                  class="pokemonImage"
                  src="/src/assets/cradilypng.png"
                />
              </div>
              <div
                class="buttons"
              >
                <button
                  class="leftButton"
                >
                  prevNum
                </button>
                <button
                  class="rightButton"
                >
                  nextNum
                </button>
              </div>
              <button>
                <svg
                  data-testid="non-favorite-icon"
                  fill="currentColor"
                  height="30"
                  stroke="currentColor"
                  stroke-width="0"
                  viewBox="0 0 576 512"
                  width="30"
                  xmlns="http://www.w3.org/2000/svg"
                >
                  <path
                    d="M528.1 171.5L382 150.2 316.7 17.8c-11.7-23.6-45.6-23.9-57.4 0L194 150.2 47.9 171.5c-26.2 3.8-36.7 36.1-17.7 54.6l105.7 103-25 145.5c-4.5 26.3 23.2 46 46.4 33.7L288 439.6l130.7 68.7c23.2 12.2 50.9-7.4 46.4-33.7l-25-145.5 105.7-103c19-18.5 8.5-50.8-17.7-54.6zM388.6 312.3l23.7 138.4L288 385.4l-124.3 65.3 23.7-138.4-100.6-98 139-20.2 62.2-126 62.2 126 139 20.2-100.6 98z"
                  />
                </svg>
              </button>
              <div
                class="pokemonNumber"
              >
                <h3>
                  2
                </h3>
              </div>
              <div
                class="types"
              >
                <div
                  class="leftType"
                />
                <div
                  class="rightType"
                />
              </div>
            </section>
          </ul>
        </div>
        <div
          class="pokemon-card-container"
        >
          <ul>
            <section
              class="pokemonCard"
            >
              <div
                class="pokemonName"
              >
                <h2
                  class="pokemonNameHeader"
                >
                  Squirtle
                </h2>
              </div>
              <div
                class="icon"
              >
                <img
                  alt=""
                  class="pokemonImage"
                  src="/src/assets/cradilypng.png"
                />
              </div>
              <div
                class="buttons"
              >
                <button
                  class="leftButton"
                >
                  prevNum
                </button>
                <button
                  class="rightButton"
                >
                  nextNum
                </button>
              </div>
              <button>
                <svg
                  color="yellow"
                  data-testid="favorite-icon"
                  fill="currentColor"
                  height="30"
                  stroke="currentColor"
                  stroke-width="0"
                  style="color: yellow;"
                  viewBox="0 0 576 512"
                  width="30"
                  xmlns="http://www.w3.org/2000/svg"
                >
                  <path
                    d="M259.3 17.8L194 150.2 47.9 171.5c-26.2 3.8-36.7 36.1-17.7 54.6l105.7 103-25 145.5c-4.5 26.3 23.2 46 46.4 33.7L288 439.6l130.7 68.7c23.2 12.2 50.9-7.4 46.4-33.7l-25-145.5 105.7-103c19-18.5 8.5-50.8-17.7-54.6L382 150.2 316.7 17.8c-11.7-23.6-45.6-23.9-57.4 0z"
                  />
                </svg>
              </button>
              <div
                class="pokemonNumber"
              >
                <h3>
                  3
                </h3>
              </div>
              <div
                class="types"
              >
                <div
                  class="leftType"
                />
                <div
                  class="rightType"
                />
              </div>
            </section>
          </ul>
        </div>
        <div
          class="pokemon-card-container"
        >
          <ul>
            <section
              class="pokemonCard"
            >
              <div
                class="pokemonName"
              >
                <h2
                  class="pokemonNameHeader"
                >
                  Pidgey
                </h2>
              </div>
              <div
                class="icon"
              >
                <img
                  alt=""
                  class="pokemonImage"
                  src="/src/assets/cradilypng.png"
                />
              </div>
              <div
                class="buttons"
              >
                <button
                  class="leftButton"
                >
                  prevNum
                </button>
                <button
                  class="rightButton"
                >
                  nextNum
                </button>
              </div>
              <button>
                <svg
                  data-testid="non-favorite-icon"
                  fill="currentColor"
                  height="30"
                  stroke="currentColor"
                  stroke-width="0"
                  viewBox="0 0 576 512"
                  width="30"
                  xmlns="http://www.w3.org/2000/svg"
                >
                  <path
                    d="M528.1 171.5L382 150.2 316.7 17.8c-11.7-23.6-45.6-23.9-57.4 0L194 150.2 47.9 171.5c-26.2 3.8-36.7 36.1-17.7 54.6l105.7 103-25 145.5c-4.5 26.3 23.2 46 46.4 33.7L288 439.6l130.7 68.7c23.2 12.2 50.9-7.4 46.4-33.7l-25-145.5 105.7-103c19-18.5 8.5-50.8-17.7-54.6zM388.6 312.3l23.7 138.4L288 385.4l-124.3 65.3 23.7-138.4-100.6-98 139-20.2 62.2-126 62.2 126 139 20.2-100.6 98z"
                  />
                </svg>
              </button>
              <div
                class="pokemonNumber"
              >
                <h3>
                  4
                </h3>
              </div>
              <div
                class="types"
              >
                <div
                  class="leftType"
                />
                <div
                  class="rightType"
                />
              </div>
            </section>
          </ul>
        </div>
        <div
          class="pokemon-card-container"
        >
          <ul>
            <section
              class="pokemonCard"
            >
              <div
                class="pokemonName"
              >
                <h2
                  class="pokemonNameHeader"
                >
                  Jigglypuff
                </h2>
              </div>
              <div
                class="icon"
              >
                <img
                  alt=""
                  class="pokemonImage"
                  src="/src/assets/cradilypng.png"
                />
              </div>
              <div
                class="buttons"
              >
                <button
                  class="leftButton"
                >
                  prevNum
                </button>
                <button
                  class="rightButton"
                >
                  nextNum
                </button>
              </div>
              <button>
                <svg
                  color="yellow"
                  data-testid="favorite-icon"
                  fill="currentColor"
                  height="30"
                  stroke="currentColor"
                  stroke-width="0"
                  style="color: yellow;"
                  viewBox="0 0 576 512"
                  width="30"
                  xmlns="http://www.w3.org/2000/svg"
                >
                  <path
                    d="M259.3 17.8L194 150.2 47.9 171.5c-26.2 3.8-36.7 36.1-17.7 54.6l105.7 103-25 145.5c-4.5 26.3 23.2 46 46.4 33.7L288 439.6l130.7 68.7c23.2 12.2 50.9-7.4 46.4-33.7l-25-145.5 105.7-103c19-18.5 8.5-50.8-17.7-54.6L382 150.2 316.7 17.8c-11.7-23.6-45.6-23.9-57.4 0z"
                  />
                </svg>
              </button>
              <div
                class="pokemonNumber"
              >
                <h3>
                  5
                </h3>
              </div>
              <div
                class="types"
              >
                <div
                  class="leftType"
                />
                <div
                  class="rightType"
                />
              </div>
            </section>
          </ul>
        </div>
        <div
          class="pokemon-card-container"
        >
          <ul>
            <section
              class="pokemonCard"
            >
              <div
                class="pokemonName"
              >
                <h2
                  class="pokemonNameHeader"
                >
                  Psyduck
                </h2>
              </div>
              <div
                class="icon"
              >
                <img
                  alt=""
                  class="pokemonImage"
                  src="/src/assets/cradilypng.png"
                />
              </div>
              <div
                class="buttons"
              >
                <button
                  class="leftButton"
                >
                  prevNum
                </button>
                <button
                  class="rightButton"
                >
                  nextNum
                </button>
              </div>
              <button>
                <svg
                  color="yellow"
                  data-testid="favorite-icon"
                  fill="currentColor"
                  height="30"
                  stroke="currentColor"
                  stroke-width="0"
                  style="color: yellow;"
                  viewBox="0 0 576 512"
                  width="30"
                  xmlns="http://www.w3.org/2000/svg"
                >
                  <path
                    d="M259.3 17.8L194 150.2 47.9 171.5c-26.2 3.8-36.7 36.1-17.7 54.6l105.7 103-25 145.5c-4.5 26.3 23.2 46 46.4 33.7L288 439.6l130.7 68.7c23.2 12.2 50.9-7.4 46.4-33.7l-25-145.5 105.7-103c19-18.5 8.5-50.8-17.7-54.6L382 150.2 316.7 17.8c-11.7-23.6-45.6-23.9-57.4 0z"
                  />
                </svg>
              </button>
              <div
                class="pokemonNumber"
              >
                <h3>
                  6
                </h3>
              </div>
              <div
                class="types"
              >
                <div
                  class="leftType"
                />
                <div
                  class="rightType"
                />
              </div>
            </section>
          </ul>
        </div>
      </section>
    </div>
  </main>
</DocumentFragment>
`;
